###############################################################################
#
# IAR ELF Linker V7.20.2.7424/W32 for ARM                 08/May/2017  10:44:46
# Copyright 2007-2014 IAR Systems AB.
#
#    Output file  =  
#        C:\Users\Administrator\Desktop\固态PD现用8v\Prj\IAR\FN15_Debug\Exe\vcan_Kinetis.out
#    Map file     =  
#        C:\Users\Administrator\Desktop\固态PD现用8v\Prj\IAR\FN15_Debug\List\vcan_Kinetis.map
#    Command line =  
#        C:\Users\Administrator\Desktop\固态PD现用8v\Prj\IAR\FN15_Debug\Obj\analyze.o
#        C:\Users\Administrator\Desktop\固态PD现用8v\Prj\IAR\FN15_Debug\Obj\camera.o
#        C:\Users\Administrator\Desktop\固态PD现用8v\Prj\IAR\FN15_Debug\Obj\car.o
#        C:\Users\Administrator\Desktop\固态PD现用8v\Prj\IAR\FN15_Debug\Obj\diskio.o
#        C:\Users\Administrator\Desktop\固态PD现用8v\Prj\IAR\FN15_Debug\Obj\ff.o
#        C:\Users\Administrator\Desktop\固态PD现用8v\Prj\IAR\FN15_Debug\Obj\guaidian.o
#        C:\Users\Administrator\Desktop\固态PD现用8v\Prj\IAR\FN15_Debug\Obj\huan.o
#        C:\Users\Administrator\Desktop\固态PD现用8v\Prj\IAR\FN15_Debug\Obj\LCD.o
#        C:\Users\Administrator\Desktop\固态PD现用8v\Prj\IAR\FN15_Debug\Obj\main.o
#        C:\Users\Administrator\Desktop\固态PD现用8v\Prj\IAR\FN15_Debug\Obj\main_menu.o
#        C:\Users\Administrator\Desktop\固态PD现用8v\Prj\IAR\FN15_Debug\Obj\misc.o
#        C:\Users\Administrator\Desktop\固态PD现用8v\Prj\IAR\FN15_Debug\Obj\MK60_adc.o
#        C:\Users\Administrator\Desktop\固态PD现用8v\Prj\IAR\FN15_Debug\Obj\MK60_can.o
#        C:\Users\Administrator\Desktop\固态PD现用8v\Prj\IAR\FN15_Debug\Obj\MK60_conf.o
#        C:\Users\Administrator\Desktop\固态PD现用8v\Prj\IAR\FN15_Debug\Obj\MK60_dac.o
#        C:\Users\Administrator\Desktop\固态PD现用8v\Prj\IAR\FN15_Debug\Obj\MK60_dma.o
#        C:\Users\Administrator\Desktop\固态PD现用8v\Prj\IAR\FN15_Debug\Obj\MK60_DWT.o
#        C:\Users\Administrator\Desktop\固态PD现用8v\Prj\IAR\FN15_Debug\Obj\MK60_flash.o
#        C:\Users\Administrator\Desktop\固态PD现用8v\Prj\IAR\FN15_Debug\Obj\MK60_flexbus.o
#        C:\Users\Administrator\Desktop\固态PD现用8v\Prj\IAR\FN15_Debug\Obj\MK60_ftm.o
#        C:\Users\Administrator\Desktop\固态PD现用8v\Prj\IAR\FN15_Debug\Obj\MK60_gpio.o
#        C:\Users\Administrator\Desktop\固态PD现用8v\Prj\IAR\FN15_Debug\Obj\MK60_i2c.o
#        C:\Users\Administrator\Desktop\固态PD现用8v\Prj\IAR\FN15_Debug\Obj\MK60_it.o
#        C:\Users\Administrator\Desktop\固态PD现用8v\Prj\IAR\FN15_Debug\Obj\MK60_lptmr.o
#        C:\Users\Administrator\Desktop\固态PD现用8v\Prj\IAR\FN15_Debug\Obj\MK60_mcg.o
#        C:\Users\Administrator\Desktop\固态PD现用8v\Prj\IAR\FN15_Debug\Obj\MK60_PIT.o
#        C:\Users\Administrator\Desktop\固态PD现用8v\Prj\IAR\FN15_Debug\Obj\MK60_port.o
#        C:\Users\Administrator\Desktop\固态PD现用8v\Prj\IAR\FN15_Debug\Obj\MK60_rtc.o
#        C:\Users\Administrator\Desktop\固态PD现用8v\Prj\IAR\FN15_Debug\Obj\MK60_sdhc.o
#        C:\Users\Administrator\Desktop\固态PD现用8v\Prj\IAR\FN15_Debug\Obj\MK60_spi.o
#        C:\Users\Administrator\Desktop\固态PD现用8v\Prj\IAR\FN15_Debug\Obj\MK60_SysTick.o
#        C:\Users\Administrator\Desktop\固态PD现用8v\Prj\IAR\FN15_Debug\Obj\MK60_uart.o
#        C:\Users\Administrator\Desktop\固态PD现用8v\Prj\IAR\FN15_Debug\Obj\MK60_usb.o
#        C:\Users\Administrator\Desktop\固态PD现用8v\Prj\IAR\FN15_Debug\Obj\MK60_wdog.o
#        C:\Users\Administrator\Desktop\固态PD现用8v\Prj\IAR\FN15_Debug\Obj\podao.o
#        C:\Users\Administrator\Desktop\固态PD现用8v\Prj\IAR\FN15_Debug\Obj\QP.o
#        C:\Users\Administrator\Desktop\固态PD现用8v\Prj\IAR\FN15_Debug\Obj\reading_flash_from.o
#        C:\Users\Administrator\Desktop\固态PD现用8v\Prj\IAR\FN15_Debug\Obj\SEEKFREE_MT9V032.o
#        C:\Users\Administrator\Desktop\固态PD现用8v\Prj\IAR\FN15_Debug\Obj\shizi.o
#        C:\Users\Administrator\Desktop\固态PD现用8v\Prj\IAR\FN15_Debug\Obj\startup_MK60DZ10.o
#        C:\Users\Administrator\Desktop\固态PD现用8v\Prj\IAR\FN15_Debug\Obj\system_MK60DZ10.o
#        C:\Users\Administrator\Desktop\固态PD现用8v\Prj\IAR\FN15_Debug\Obj\USB.o
#        C:\Users\Administrator\Desktop\固态PD现用8v\Prj\IAR\FN15_Debug\Obj\USB_CDC.o
#        C:\Users\Administrator\Desktop\固态PD现用8v\Prj\IAR\FN15_Debug\Obj\VCAN_ASCII.o
#        C:\Users\Administrator\Desktop\固态PD现用8v\Prj\IAR\FN15_Debug\Obj\VCAN_BMP.o
#        C:\Users\Administrator\Desktop\固态PD现用8v\Prj\IAR\FN15_Debug\Obj\VCAN_camera.o
#        C:\Users\Administrator\Desktop\固态PD现用8v\Prj\IAR\FN15_Debug\Obj\VCAN_computer.o
#        C:\Users\Administrator\Desktop\固态PD现用8v\Prj\IAR\FN15_Debug\Obj\vcan_img2sd.o
#        C:\Users\Administrator\Desktop\固态PD现用8v\Prj\IAR\FN15_Debug\Obj\VCAN_key.o
#        C:\Users\Administrator\Desktop\固态PD现用8v\Prj\IAR\FN15_Debug\Obj\VCAN_key_event.o
#        C:\Users\Administrator\Desktop\固态PD现用8v\Prj\IAR\FN15_Debug\Obj\VCAN_LCD.o
#        C:\Users\Administrator\Desktop\固态PD现用8v\Prj\IAR\FN15_Debug\Obj\VCAN_LCD_CH.o
#        C:\Users\Administrator\Desktop\固态PD现用8v\Prj\IAR\FN15_Debug\Obj\VCAN_LCD_ST7735R.o
#        C:\Users\Administrator\Desktop\固态PD现用8v\Prj\IAR\FN15_Debug\Obj\VCAN_LCD_ST7735S.o
#        C:\Users\Administrator\Desktop\固态PD现用8v\Prj\IAR\FN15_Debug\Obj\VCAN_LED.o
#        C:\Users\Administrator\Desktop\固态PD现用8v\Prj\IAR\FN15_Debug\Obj\VCAN_menu.o
#        C:\Users\Administrator\Desktop\固态PD现用8v\Prj\IAR\FN15_Debug\Obj\VCAN_OV7725_Eagle.o
#        C:\Users\Administrator\Desktop\固态PD现用8v\Prj\IAR\FN15_Debug\Obj\VCAN_SCCB.o
#        C:\Users\Administrator\Desktop\固态PD现用8v\Prj\IAR\FN15_Debug\Obj\vcan_sd_app.o
#        C:\Users\Administrator\Desktop\固态PD现用8v\Prj\IAR\FN15_Debug\Obj\VCAN_UI_VAR.o
#        C:\Users\Administrator\Desktop\固态PD现用8v\Prj\IAR\FN15_Debug\Obj\vectors.o
#        C:\Users\Administrator\Desktop\固态PD现用8v\Prj\IAR\FN15_Debug\Obj\wandao.o
#        C:\Users\Administrator\Desktop\固态PD现用8v\Prj\IAR\FN15_Debug\Obj\zhangai.o
#        --redirect _Printf=_PrintfLargeNoMb --redirect _Scanf=_ScanfLargeNoMb
#        -o
#        C:\Users\Administrator\Desktop\固态PD现用8v\Prj\IAR\FN15_Debug\Exe\vcan_Kinetis.out
#        --map
#        C:\Users\Administrator\Desktop\固态PD现用8v\Prj\IAR\FN15_Debug\List\vcan_Kinetis.map
#        --config
#        "C:\Users\Administrator\Desktop\固态PD现用8v\Prj\IAR\..\..\Prj\IAR\config
#        files\vcan_ROM_K60N1M.icf"
#        C:\Users\Administrator\Desktop\固态PD现用8v\Prj\IAR\..\..\Lib\CMSIS\iar_cortexM4l_math.a
#        --entry __iar_program_start --redirect __write=__write_buffered --vfe
#
###############################################################################

*******************************************************************************
*** RUNTIME MODEL ATTRIBUTES
***

CppFlavor       = *
__SystemLibrary = DLib


*******************************************************************************
*** PLACEMENT SUMMARY
***

"A1":  place at 0x00000000 { ro section .intvec };
"A2":  place at 0x00000410 { ro section .noinit };
"P1":  place in [from 0x00000000 to 0x00100000] { ro, block CodeRelocate };
"P2":  place in [from 0x1fff0410 to 0x20010000] {
          rw, block CodeRelocateRam, block CSTACK, block HEAP };

  Section              Kind        Address     Size  Object
  -------              ----        -------     ----  ------
"A1":                                         0x410
  .intvec              const    0x00000000    0x410  vectors.o [1]
                              - 0x00000410    0x410

"P1", part 1 of 2:                              0x0
  .rodata              const    0x00000410      0x0  zero_init3.o [5]

"A2":                                           0x8
  .noinit              ro code  0x00000410      0x8  startup_MK60DZ10.o [1]
                              - 0x00000418      0x8

"P1", part 2 of 2:                          0x1626c
  .text                ro code  0x00000418   0x4e78  analyze.o [1]
  .text                ro code  0x00005290    0x4cc  guaidian.o [1]
  .text                ro code  0x0000575c   0x27c4  shizi.o [1]
  .text                ro code  0x00007f20      0x8  abs.o [3]
  .text                ro code  0x00007f28    0x67c  QP.o [1]
  .text                ro code  0x000085a4    0x19c  MK60_gpio.o [1]
  .text                ro code  0x00008740   0x2ec0  huan.o [1]
  .text                ro code  0x0000b600    0x41c  zhangai.o [1]
  .text                ro code  0x0000ba1c    0x440  wandao.o [1]
  .text                ro code  0x0000be5c    0xae4  car.o [1]
  .text                ro code  0x0000c940     0xb0  MK60_port.o [1]
  Veneer               ro code  0x0000c9f0      0x8  - Linker created -
  Veneer               ro code  0x0000c9f8      0x8  - Linker created -
  .text                ro code  0x0000ca00    0x140  MK60_conf.o [1]
  .text                ro code  0x0000cb40      0x6  ABImemclr4.o [5]
  .text                ro code  0x0000cb46     0x22  zero_init3.o [5]
  .text                ro code  0x0000cb68    0x5e4  MK60_ftm.o [1]
  .text                ro code  0x0000d14c    0x2b8  MK60_adc.o [1]
  .text                ro code  0x0000d404     0x4e  FltToDbl.o [4]
  .text                ro code  0x0000d454    0x246  DblDiv.o [4]
  .text                ro code  0x0000d69c     0x90  DblToFlt.o [4]
  .text                ro code  0x0000d72c    0x1a2  DblMul.o [4]
  .text                ro code  0x0000d8d0     0xe8  DblAdd.o [4]
  .text                ro code  0x0000d9b8     0x70  VCAN_LED.o [1]
  .text                ro code  0x0000da28     0x24  printf.o [3]
  .text                ro code  0x0000da4c     0x64  MK60_SysTick.o [1]
  .text                ro code  0x0000dab0    0x270  MK60_uart.o [1]
  .text                ro code  0x0000dd20    0x220  VCAN_key.o [1]
  .text                ro code  0x0000df40     0x32  ABImemset48.o [5]
  .text                ro code  0x0000df74    0x180  DblSub.o [4]
  .text                ro code  0x0000e0f4    0xbee  xprintflarge_nomb.o [3]
  .text                ro code  0x0000ece4     0x16  strchr.o [5]
  .text                ro code  0x0000ecfc     0x36  strlen.o [5]
  .text                ro code  0x0000ed34     0x58  memchr.o [5]
  .text                ro code  0x0000ed8c     0xee  I64DivMod.o [5]
  .text                ro code  0x0000ee7c     0x76  ABImemcpy_unaligned.o [5]
  .text                ro code  0x0000eef2     0x42  xdnorm.o [4]
  .text                ro code  0x0000ef34     0x2e  DblCmpLe.o [4]
  .text                ro code  0x0000ef64     0x2c  DblToI32.o [4]
  .text                ro code  0x0000ef90     0x1c  I32ToDbl.o [4]
  .text                ro code  0x0000efac     0x6c  localeconv.o [3]
  .text                ro code  0x0000f018      0xe  div.o [3]
  .text                ro code  0x0000f028      0x2  I64DivZer.o [5]
  .text                ro code  0x0000f02a      0x2  xtls.o [3]
  .text                ro code  0x0000f02c   0x1c18  VCAN_LCD_ST7735R.o [1]
  Veneer               ro code  0x00010c44      0x8  - Linker created -
  .text                ro code  0x00010c4c   0x19d0  VCAN_UI_VAR.o [1]
  .text                ro code  0x0001261c    0x520  VCAN_LCD.o [1]
  .text                ro code  0x00012b3c    0x23c  SEEKFREE_MT9V032.o [1]
  .text                ro code  0x00012d78    0x284  MK60_dma.o [1]
  .data_init                    0x00012ffc    0xa90  <Block>
    Initializer bytes  ro data  0x00012ffc    0xa90  <for .data-1> (used: 0xa8c)
  .text                ro code  0x00013a8c    0x658  camera.o [1]
  .rodata              const    0x000140e4    0x600  VCAN_ASCII.o [1]
  .text                ro code  0x000146e4    0x5d8  main_menu.o [1]
  .text                ro code  0x00014cbc    0x1d2  VCAN_menu.o [1]
  .text                ro code  0x00014e90     0x3c  LCD.o [1]
  .text                ro code  0x00014ecc     0x50  misc.o [1]
  .text                ro code  0x00014f1c     0x7c  MK60_PIT.o [1]
  .text                ro code  0x00014f98    0x138  VCAN_key_event.o [1]
  .text                ro code  0x000150d0    0x218  reading_flash_from.o [1]
  .text                ro code  0x000152e8     0x78  ABImemmove_unaligned.o [5]
  .text                ro code  0x00015360    0x1c4  VCAN_LCD_CH.o [1]
  .text                ro code  0x00015524    0x248  VCAN_LCD_ST7735S.o [1]
  Veneer               ro code  0x0001576c      0x8  - Linker created -
  .text                ro code  0x00015774    0x3d4  MK60_mcg.o [1]
  CodeRelocate                  0x00015b48    0x1f0  <Block>
    Initializer bytes  ro data  0x00015b48    0x1f0  <for CodeRelocateRam-1>
  .text                ro code  0x00015d38    0x140  system_MK60DZ10.o [1]
  .text                ro code  0x00015e78     0x40  MK60_wdog.o [1]
  .text                ro code  0x00015eb8     0x62  main.o [1]
  .rodata              const    0x00015f1c     0xe0  main_menu.o [1]
  .rodata              const    0x00015ffc     0xa0  main_menu.o [1]
  .rodata              const    0x0001609c     0xa0  main_menu.o [1]
  .rodata              const    0x0001613c     0xa0  main_menu.o [1]
  .rodata              const    0x000161dc     0x4c  VCAN_LCD_ST7735R.o [1]
  .rodata              const    0x00016228     0x44  VCAN_UI_VAR.o [1]
  .rodata              const    0x0001626c     0x40  main_menu.o [1]
  .rodata              const    0x000162ac     0x3c  MK60_conf.o [1]
  .rodata              const    0x000162e8     0x38  MK60_flash.o [1]
  .rodata              const    0x00016320     0x38  MK60_SysTick.o [1]
  .rodata              const    0x00016358     0x34  MK60_adc.o [1]
  .rodata              const    0x0001638c     0x34  MK60_dma.o [1]
  .rodata              const    0x000163c0     0x34  MK60_ftm.o [1]
  .rodata              const    0x000163f4     0x34  MK60_gpio.o [1]
  .rodata              const    0x00016428     0x34  MK60_PIT.o [1]
  .rodata              const    0x0001645c     0x34  MK60_uart.o [1]
  .rodata              const    0x00016490     0x30  misc.o [1]
  .text                ro code  0x000164c0     0x28  data_init.o [5]
  .rodata              const    0x000164e8     0x24  MK60_conf.o [1]
  .iar.init_table      const    0x0001650c     0x10  - Linker created -
  .rodata              const    0x0001651c     0x20  MK60_conf.o [1]
  .text                ro code  0x0001653c     0x1a  fpinit_M.o [4]
  .text                ro code  0x00016558     0x1a  cmain.o [5]
  .text                ro code  0x00016572      0x4  low_level_init.o [3]
  .text                ro code  0x00016576      0x4  exit.o [3]
  .text                ro code  0x0001657c      0xa  cexit.o [5]
  .text                ro code  0x00016588      0xc  XXexit.o [5]
  .text                ro code  0x00016594     0x16  xprout.o [3]
  .text                ro code  0x000165ac      0xc  putchar.o [3]
  .rodata              const    0x000165b8     0x14  MK60_conf.o [1]
  .text                ro code  0x000165cc      0xc  cstartup_M.o [5]
  .rodata              const    0x000165d8      0x4  main_menu.o [1]
  .rodata              const    0x000165dc      0x4  main_menu.o [1]
  .rodata              const    0x000165e0      0x4  main_menu.o [1]
  .rodata              const    0x000165e4      0x4  main_menu.o [1]
  .rodata              const    0x000165e8      0x4  main_menu.o [1]
  .rodata              const    0x000165ec      0x4  VCAN_LCD.o [1]
  .rodata              const    0x000165f0      0x4  VCAN_LCD.o [1]
  .rodata              const    0x000165f4      0x4  VCAN_LCD.o [1]
  .rodata              const    0x000165f8      0x4  VCAN_LCD_CH.o [1]
  Initializer bytes    ro data  0x000165fc     0x88  <for P2 s0>
                              - 0x00016684  0x1626c

"P2":                                        0xf154
  .data                         0x1fff0410    0xa8c  <Block>
    .data-1                     0x1fff0410    0xa8c  <Init block>
      .data            inited   0x1fff0410      0x1  analyze.o [1]
      .data            inited   0x1fff0411      0x1  analyze.o [1]
      .data            inited   0x1fff0414      0x4  analyze.o [1]
      .data            inited   0x1fff0418      0x4  analyze.o [1]
      .data            inited   0x1fff041c      0x1  analyze.o [1]
      .data            inited   0x1fff041d      0x1  analyze.o [1]
      .data            inited   0x1fff041e      0x1  analyze.o [1]
      .data            inited   0x1fff041f      0x1  analyze.o [1]
      .data            inited   0x1fff0420      0x1  analyze.o [1]
      .data            inited   0x1fff0421      0x1  analyze.o [1]
      .data            inited   0x1fff0422      0x1  analyze.o [1]
      .data            inited   0x1fff0423      0x1  analyze.o [1]
      .data            inited   0x1fff0424      0x1  analyze.o [1]
      .data            inited   0x1fff0425      0x1  analyze.o [1]
      .data            inited   0x1fff0428     0x3c  camera.o [1]
      .data            inited   0x1fff0464     0x80  camera.o [1]
      .data            inited   0x1fff04e4     0x50  camera.o [1]
      .data            inited   0x1fff0534      0x4  car.o [1]
      .data            inited   0x1fff0538      0x4  car.o [1]
      .data            inited   0x1fff053c      0x4  car.o [1]
      .data            inited   0x1fff0540      0x4  car.o [1]
      .data            inited   0x1fff0544      0x4  car.o [1]
      .data            inited   0x1fff0548      0x4  car.o [1]
      .data            inited   0x1fff054c      0x4  car.o [1]
      .data            inited   0x1fff0550      0x4  car.o [1]
      .data            inited   0x1fff0554      0x4  LCD.o [1]
      .data            inited   0x1fff0558      0x1  main.o [1]
      .data            inited   0x1fff055c     0x3c  main_menu.o [1]
      .data            inited   0x1fff0598      0x1  main_menu.o [1]
      .data            inited   0x1fff059c      0x8  MK60_adc.o [1]
      .data            inited   0x1fff05a4    0x708  MK60_conf.o [1]
      .data            inited   0x1fff0cac     0x10  MK60_ftm.o [1]
      .data            inited   0x1fff0cbc     0x14  MK60_gpio.o [1]
      .data            inited   0x1fff0cd0     0x58  MK60_mcg.o [1]
      .data            inited   0x1fff0d28      0x4  MK60_mcg.o [1]
      .data            inited   0x1fff0d2c     0x14  MK60_port.o [1]
      .data            inited   0x1fff0d40     0x18  MK60_uart.o [1]
      .data            inited   0x1fff0d58      0x8  VCAN_key.o [1]
      .data            inited   0x1fff0d60      0x2  VCAN_LCD_ST7735R.o [1]
      .data            inited   0x1fff0d62      0x2  VCAN_LCD_ST7735R.o [1]
      .data            inited   0x1fff0d64      0x2  VCAN_LCD_ST7735S.o [1]
      .data            inited   0x1fff0d66      0x2  VCAN_LCD_ST7735S.o [1]
      .data            inited   0x1fff0d68      0x4  VCAN_LED.o [1]
      .data            inited   0x1fff0d6c     0x28  VCAN_UI_VAR.o [1]
      .data            inited   0x1fff0d94     0xc8  VCAN_UI_VAR.o [1]
      .data            inited   0x1fff0e5c     0x40  xfiles.o [3]
  CodeRelocateRam               0x1fff0e9c    0x1f0  <Block>
    CodeRelocateRam-1           0x1fff0e9c    0x1f0  <Init block>
      Veneer           inited   0x1fff0e9c      0x8  - Linker created -
      Veneer           inited   0x1fff0ea4      0x8  - Linker created -
      .textrw          inited   0x1fff0eac    0x190  MK60_flash.o [1]
      .textrw          inited   0x1fff103c     0x50  MK60_mcg.o [1]
  .bss                          0x1fff108c   0xe44e  <Block>
    .bss               zero     0x1fff108c     0x3c  analyze.o [1]
    .bss               zero     0x1fff10c8     0x3c  analyze.o [1]
    .bss               zero     0x1fff1104     0x3c  analyze.o [1]
    .bss               zero     0x1fff1140      0x4  analyze.o [1]
    .bss               zero     0x1fff1144      0x4  analyze.o [1]
    .bss               zero     0x1fff1148      0x4  analyze.o [1]
    .bss               zero     0x1fff114c      0x4  analyze.o [1]
    .bss               zero     0x1fff1150      0x4  analyze.o [1]
    .bss               zero     0x1fff1154      0x4  analyze.o [1]
    .bss               zero     0x1fff1158      0x4  analyze.o [1]
    .bss               zero     0x1fff115c      0x4  analyze.o [1]
    .bss               zero     0x1fff1160      0x4  analyze.o [1]
    .bss               zero     0x1fff1164      0x4  analyze.o [1]
    .bss               zero     0x1fff1168      0x4  analyze.o [1]
    .bss               zero     0x1fff116c      0x4  analyze.o [1]
    .bss               zero     0x1fff1170      0x4  analyze.o [1]
    .bss               zero     0x1fff1174   0x5820  camera.o [1]
    .bss               zero     0x1fff6994   0x1e00  camera.o [1]
    .bss               zero     0x1fff8794   0x12c0  camera.o [1]
    .bss               zero     0x1fff9a54      0x4  car.o [1]
    .bss               zero     0x1fff9a58      0x4  car.o [1]
    .bss               zero     0x1fff9a5c      0x8  car.o [1]
    .bss               zero     0x1fff9a64      0x4  car.o [1]
    .bss               zero     0x1fff9a68      0x4  car.o [1]
    .bss               zero     0x1fff9a6c      0x4  car.o [1]
    .bss               zero     0x1fff9a70      0x4  car.o [1]
    .bss               zero     0x1fff9a74      0x4  car.o [1]
    .bss               zero     0x1fff9a78      0x4  car.o [1]
    .bss               zero     0x1fff9a7c      0x4  car.o [1]
    .bss               zero     0x1fff9a80      0x4  car.o [1]
    .bss               zero     0x1fff9a84      0x4  car.o [1]
    .bss               zero     0x1fff9a88      0x4  car.o [1]
    .bss               zero     0x1fff9a8c      0x4  car.o [1]
    .bss               zero     0x1fff9a90      0x4  car.o [1]
    .bss               zero     0x1fff9a94      0x4  car.o [1]
    .bss               zero     0x1fff9a98      0x4  car.o [1]
    .bss               zero     0x1fff9a9c      0x4  car.o [1]
    .bss               zero     0x1fff9aa0      0x4  car.o [1]
    .bss               zero     0x1fff9aa4      0x4  car.o [1]
    .bss               zero     0x1fff9aa8      0x4  car.o [1]
    .bss               zero     0x1fff9aac      0x4  car.o [1]
    .bss               zero     0x1fff9ab0      0x4  car.o [1]
    .bss               zero     0x1fff9ab4      0x4  car.o [1]
    .bss               zero     0x1fff9ab8      0x4  car.o [1]
    .bss               zero     0x1fff9abc      0x4  car.o [1]
    .bss               zero     0x1fff9ac0      0x4  car.o [1]
    .bss               zero     0x1fff9ac4      0x4  car.o [1]
    .bss               zero     0x1fff9ac8      0x4  car.o [1]
    .bss               zero     0x1fff9acc      0x4  car.o [1]
    .bss               zero     0x1fff9ad0      0x4  car.o [1]
    .bss               zero     0x1fff9ad4      0x4  car.o [1]
    .bss               zero     0x1fff9ad8      0x4  car.o [1]
    .bss               zero     0x1fff9adc      0x4  car.o [1]
    .bss               zero     0x1fff9ae0      0x4  car.o [1]
    .bss               zero     0x1fff9ae4      0x4  LCD.o [1]
    .bss               zero     0x1fff9ae8      0x4  LCD.o [1]
    .bss               zero     0x1fff9aec      0x4  main.o [1]
    .bss               zero     0x1fff9af0      0x4  main.o [1]
    .bss               zero     0x1fff9af4      0x4  main.o [1]
    .bss               zero     0x1fff9af8      0x4  main.o [1]
    .bss               zero     0x1fff9afc      0x4  main.o [1]
    .bss               zero     0x1fff9b00      0x4  main.o [1]
    .bss               zero     0x1fff9b04      0x4  main.o [1]
    .bss               zero     0x1fff9b08      0x4  main.o [1]
    .bss               zero     0x1fff9b0c      0x4  main.o [1]
    .bss               zero     0x1fff9b10      0x4  main.o [1]
    .bss               zero     0x1fff9b14      0x4  main.o [1]
    .bss               zero     0x1fff9b18      0x4  main.o [1]
    .bss               zero     0x1fff9b1c      0x4  main.o [1]
    .bss               zero     0x1fff9b20      0x4  main.o [1]
    .bss               zero     0x1fff9b24      0x4  main.o [1]
    .bss               zero     0x1fff9b28      0x4  main.o [1]
    .bss               zero     0x1fff9b2c      0x4  main.o [1]
    .bss               zero     0x1fff9b30      0x4  main.o [1]
    .bss               zero     0x1fff9b34      0x4  main.o [1]
    .bss               zero     0x1fff9b38      0x4  main.o [1]
    .bss               zero     0x1fff9b3c      0x4  main.o [1]
    .bss               zero     0x1fff9b40      0x4  main.o [1]
    .bss               zero     0x1fff9b44      0x4  main.o [1]
    .bss               zero     0x1fff9b48      0x4  main.o [1]
    .bss               zero     0x1fff9b4c      0x4  main.o [1]
    .bss               zero     0x1fff9b50      0x4  main_menu.o [1]
    .bss               zero     0x1fff9b54     0x10  MK60_ftm.o [1]
    .bss               zero     0x1fff9b64   0x5820  SEEKFREE_MT9V032.o [1]
    .bss               zero     0x1ffff384      0x4  system_MK60DZ10.o [1]
    .bss               zero     0x1ffff388      0x4  system_MK60DZ10.o [1]
    .bss               zero     0x1ffff38c      0x4  system_MK60DZ10.o [1]
    .bss               zero     0x1ffff390     0x28  VCAN_key.o [1]
    .bss               zero     0x1ffff3b8      0x8  VCAN_key.o [1]
    .bss               zero     0x1ffff3c0     0x50  xfiles.o [3]
    .bss               zero     0x1ffff410      0x2  camera.o [1]
    .bss               zero     0x1ffff412      0x2  main.o [1]
    .bss               zero     0x1ffff414      0x2  main.o [1]
    .bss               zero     0x1ffff416      0x2  main.o [1]
    .bss               zero     0x1ffff418      0x2  main.o [1]
    .bss               zero     0x1ffff41a      0x2  main.o [1]
    .bss               zero     0x1ffff41c      0x2  main.o [1]
    .bss               zero     0x1ffff41e      0x2  main.o [1]
    .bss               zero     0x1ffff420      0x2  main.o [1]
    .bss               zero     0x1ffff422      0x2  main.o [1]
    .bss               zero     0x1ffff424      0x2  main.o [1]
    .bss               zero     0x1ffff426      0x2  main.o [1]
    .bss               zero     0x1ffff428      0x2  main.o [1]
    .bss               zero     0x1ffff42a      0x2  main.o [1]
    .bss               zero     0x1ffff42c      0x2  SEEKFREE_MT9V032.o [1]
    .bss               zero     0x1ffff42e      0x1  analyze.o [1]
    .bss               zero     0x1ffff42f      0x1  analyze.o [1]
    .bss               zero     0x1ffff430      0x1  analyze.o [1]
    .bss               zero     0x1ffff431      0x1  analyze.o [1]
    .bss               zero     0x1ffff432      0x1  analyze.o [1]
    .bss               zero     0x1ffff433      0x1  analyze.o [1]
    .bss               zero     0x1ffff434      0x1  analyze.o [1]
    .bss               zero     0x1ffff435      0x1  analyze.o [1]
    .bss               zero     0x1ffff436      0x1  analyze.o [1]
    .bss               zero     0x1ffff437      0x1  analyze.o [1]
    .bss               zero     0x1ffff438      0x1  analyze.o [1]
    .bss               zero     0x1ffff439      0x1  analyze.o [1]
    .bss               zero     0x1ffff43a      0x1  analyze.o [1]
    .bss               zero     0x1ffff43b      0x1  analyze.o [1]
    .bss               zero     0x1ffff43c      0x1  analyze.o [1]
    .bss               zero     0x1ffff43d      0x1  analyze.o [1]
    .bss               zero     0x1ffff43e      0x1  analyze.o [1]
    .bss               zero     0x1ffff43f      0x1  analyze.o [1]
    .bss               zero     0x1ffff440      0x1  analyze.o [1]
    .bss               zero     0x1ffff441      0x1  analyze.o [1]
    .bss               zero     0x1ffff442      0x1  analyze.o [1]
    .bss               zero     0x1ffff443      0x1  analyze.o [1]
    .bss               zero     0x1ffff444      0x1  analyze.o [1]
    .bss               zero     0x1ffff445      0x1  analyze.o [1]
    .bss               zero     0x1ffff446      0x1  analyze.o [1]
    .bss               zero     0x1ffff447      0x1  analyze.o [1]
    .bss               zero     0x1ffff448      0x1  analyze.o [1]
    .bss               zero     0x1ffff449      0x1  analyze.o [1]
    .bss               zero     0x1ffff44a      0x1  analyze.o [1]
    .bss               zero     0x1ffff44b      0x1  analyze.o [1]
    .bss               zero     0x1ffff44c      0x1  analyze.o [1]
    .bss               zero     0x1ffff44d      0x1  analyze.o [1]
    .bss               zero     0x1ffff44e      0x1  analyze.o [1]
    .bss               zero     0x1ffff44f      0x1  analyze.o [1]
    .bss               zero     0x1ffff450      0x1  analyze.o [1]
    .bss               zero     0x1ffff451      0x1  analyze.o [1]
    .bss               zero     0x1ffff452      0x1  analyze.o [1]
    .bss               zero     0x1ffff453      0x1  analyze.o [1]
    .bss               zero     0x1ffff454      0x1  analyze.o [1]
    .bss               zero     0x1ffff455      0x1  analyze.o [1]
    .bss               zero     0x1ffff456      0x1  analyze.o [1]
    .bss               zero     0x1ffff457      0x1  analyze.o [1]
    .bss               zero     0x1ffff458      0x1  analyze.o [1]
    .bss               zero     0x1ffff459      0x1  analyze.o [1]
    .bss               zero     0x1ffff45a      0x1  analyze.o [1]
    .bss               zero     0x1ffff45b      0x1  analyze.o [1]
    .bss               zero     0x1ffff45c      0x1  analyze.o [1]
    .bss               zero     0x1ffff45d      0x1  analyze.o [1]
    .bss               zero     0x1ffff45e      0x1  analyze.o [1]
    .bss               zero     0x1ffff45f      0x1  analyze.o [1]
    .bss               zero     0x1ffff460      0x1  analyze.o [1]
    .bss               zero     0x1ffff461      0x1  analyze.o [1]
    .bss               zero     0x1ffff462      0x1  analyze.o [1]
    .bss               zero     0x1ffff463      0x1  analyze.o [1]
    .bss               zero     0x1ffff464      0x1  analyze.o [1]
    .bss               zero     0x1ffff465      0x1  analyze.o [1]
    .bss               zero     0x1ffff466      0x1  analyze.o [1]
    .bss               zero     0x1ffff467      0x1  analyze.o [1]
    .bss               zero     0x1ffff468      0x1  analyze.o [1]
    .bss               zero     0x1ffff469      0x1  analyze.o [1]
    .bss               zero     0x1ffff46a      0x1  analyze.o [1]
    .bss               zero     0x1ffff46b      0x1  analyze.o [1]
    .bss               zero     0x1ffff46c      0x1  analyze.o [1]
    .bss               zero     0x1ffff46d      0x1  analyze.o [1]
    .bss               zero     0x1ffff46e      0x1  analyze.o [1]
    .bss               zero     0x1ffff46f      0x1  analyze.o [1]
    .bss               zero     0x1ffff470      0x1  analyze.o [1]
    .bss               zero     0x1ffff471      0x1  analyze.o [1]
    .bss               zero     0x1ffff472      0x1  analyze.o [1]
    .bss               zero     0x1ffff473      0x1  analyze.o [1]
    .bss               zero     0x1ffff474      0x1  analyze.o [1]
    .bss               zero     0x1ffff475      0x1  analyze.o [1]
    .bss               zero     0x1ffff476      0x1  analyze.o [1]
    .bss               zero     0x1ffff477      0x1  analyze.o [1]
    .bss               zero     0x1ffff478      0x1  analyze.o [1]
    .bss               zero     0x1ffff479      0x1  analyze.o [1]
    .bss               zero     0x1ffff47a      0x1  analyze.o [1]
    .bss               zero     0x1ffff47b      0x1  analyze.o [1]
    .bss               zero     0x1ffff47c      0x1  analyze.o [1]
    .bss               zero     0x1ffff47d      0x1  analyze.o [1]
    .bss               zero     0x1ffff47e      0x1  analyze.o [1]
    .bss               zero     0x1ffff47f      0x1  analyze.o [1]
    .bss               zero     0x1ffff480      0x1  analyze.o [1]
    .bss               zero     0x1ffff481      0x1  analyze.o [1]
    .bss               zero     0x1ffff482      0x1  analyze.o [1]
    .bss               zero     0x1ffff483      0x1  analyze.o [1]
    .bss               zero     0x1ffff484      0x1  analyze.o [1]
    .bss               zero     0x1ffff485      0x1  analyze.o [1]
    .bss               zero     0x1ffff486      0x1  analyze.o [1]
    .bss               zero     0x1ffff487      0x1  analyze.o [1]
    .bss               zero     0x1ffff488      0x1  analyze.o [1]
    .bss               zero     0x1ffff489      0x1  analyze.o [1]
    .bss               zero     0x1ffff48a      0x1  analyze.o [1]
    .bss               zero     0x1ffff48b      0x1  analyze.o [1]
    .bss               zero     0x1ffff48c      0x1  analyze.o [1]
    .bss               zero     0x1ffff48d      0x1  analyze.o [1]
    .bss               zero     0x1ffff48e      0x1  analyze.o [1]
    .bss               zero     0x1ffff48f      0x1  analyze.o [1]
    .bss               zero     0x1ffff490      0x1  analyze.o [1]
    .bss               zero     0x1ffff491      0x1  analyze.o [1]
    .bss               zero     0x1ffff492      0x1  analyze.o [1]
    .bss               zero     0x1ffff493      0x1  analyze.o [1]
    .bss               zero     0x1ffff494      0x1  analyze.o [1]
    .bss               zero     0x1ffff495      0x1  analyze.o [1]
    .bss               zero     0x1ffff496      0x1  analyze.o [1]
    .bss               zero     0x1ffff497      0x1  analyze.o [1]
    .bss               zero     0x1ffff498      0x1  analyze.o [1]
    .bss               zero     0x1ffff499      0x1  analyze.o [1]
    .bss               zero     0x1ffff49a      0x1  analyze.o [1]
    .bss               zero     0x1ffff49b      0x1  analyze.o [1]
    .bss               zero     0x1ffff49c      0x1  analyze.o [1]
    .bss               zero     0x1ffff49d      0x1  analyze.o [1]
    .bss               zero     0x1ffff49e      0x1  analyze.o [1]
    .bss               zero     0x1ffff49f      0x1  analyze.o [1]
    .bss               zero     0x1ffff4a0      0x1  analyze.o [1]
    .bss               zero     0x1ffff4a1      0x1  analyze.o [1]
    .bss               zero     0x1ffff4a2      0x1  analyze.o [1]
    .bss               zero     0x1ffff4a3      0x1  analyze.o [1]
    .bss               zero     0x1ffff4a4      0x1  analyze.o [1]
    .bss               zero     0x1ffff4a5      0x1  analyze.o [1]
    .bss               zero     0x1ffff4a6      0x1  analyze.o [1]
    .bss               zero     0x1ffff4a7      0x1  analyze.o [1]
    .bss               zero     0x1ffff4a8      0x1  analyze.o [1]
    .bss               zero     0x1ffff4a9      0x1  analyze.o [1]
    .bss               zero     0x1ffff4aa      0x1  analyze.o [1]
    .bss               zero     0x1ffff4ab      0x1  analyze.o [1]
    .bss               zero     0x1ffff4ac      0x1  analyze.o [1]
    .bss               zero     0x1ffff4ad      0x1  analyze.o [1]
    .bss               zero     0x1ffff4ae      0x1  camera.o [1]
    .bss               zero     0x1ffff4af      0x1  camera.o [1]
    .bss               zero     0x1ffff4b0      0x1  car.o [1]
    .bss               zero     0x1ffff4b1      0x1  car.o [1]
    .bss               zero     0x1ffff4b2      0x1  main.o [1]
    .bss               zero     0x1ffff4b3      0x1  main.o [1]
    .bss               zero     0x1ffff4b4      0x1  main.o [1]
    .bss               zero     0x1ffff4b5      0x1  main.o [1]
    .bss               zero     0x1ffff4b6      0x1  main.o [1]
    .bss               zero     0x1ffff4b7      0x1  main.o [1]
    .bss               zero     0x1ffff4b8      0x1  main.o [1]
    .bss               zero     0x1ffff4b9      0x1  main.o [1]
    .bss               zero     0x1ffff4ba      0x1  main.o [1]
    .bss               zero     0x1ffff4bb      0x1  main.o [1]
    .bss               zero     0x1ffff4bc      0x1  main.o [1]
    .bss               zero     0x1ffff4bd      0x1  main.o [1]
    .bss               zero     0x1ffff4be      0x1  main.o [1]
    .bss               zero     0x1ffff4bf      0x1  main.o [1]
    .bss               zero     0x1ffff4c0      0x1  main.o [1]
    .bss               zero     0x1ffff4c1      0x1  main.o [1]
    .bss               zero     0x1ffff4c2      0x1  main.o [1]
    .bss               zero     0x1ffff4c3      0x1  main.o [1]
    .bss               zero     0x1ffff4c4      0x1  main.o [1]
    .bss               zero     0x1ffff4c5      0x1  main.o [1]
    .bss               zero     0x1ffff4c6      0x1  main.o [1]
    .bss               zero     0x1ffff4c7      0x1  main.o [1]
    .bss               zero     0x1ffff4c8      0x1  main.o [1]
    .bss               zero     0x1ffff4c9      0x1  main.o [1]
    .bss               zero     0x1ffff4ca      0x1  main.o [1]
    .bss               zero     0x1ffff4cb      0x1  main.o [1]
    .bss               zero     0x1ffff4cc      0x1  main.o [1]
    .bss               zero     0x1ffff4cd      0x1  main.o [1]
    .bss               zero     0x1ffff4ce      0x1  main.o [1]
    .bss               zero     0x1ffff4cf      0x1  main.o [1]
    .bss               zero     0x1ffff4d0      0x1  main_menu.o [1]
    .bss               zero     0x1ffff4d1      0x1  main_menu.o [1]
    .bss               zero     0x1ffff4d2      0x1  SEEKFREE_MT9V032.o [1]
    .bss               zero     0x1ffff4d3      0x1  VCAN_key.o [1]
    .bss               zero     0x1ffff4d4      0x1  VCAN_key.o [1]
    .bss               zero     0x1ffff4d5      0x1  VCAN_key.o [1]
    .bss               zero     0x1ffff4d6      0x1  VCAN_LCD_ST7735R.o [1]
    .bss               zero     0x1ffff4d7      0x1  VCAN_LCD_ST7735S.o [1]
    .bss               zero     0x1ffff4d8      0x1  VCAN_UI_VAR.o [1]
    .bss               zero     0x1ffff4d9      0x1  VCAN_UI_VAR.o [1]
  P2 s0                         0x1ffff4dc     0x88  <Init block>
    __DLIB_PERTHREAD   inited   0x1ffff4dc     0x88  localeconv.o [3]
                              - 0x1ffff564   0xf154


*******************************************************************************
*** INIT TABLE
***

          Address     Size
          -------     ----
Zero (__iar_zero_init3)
    1 destination range, total size 0xe44e:
          0x1fff108c  0xe44e



*******************************************************************************
*** MODULE SUMMARY
***

    Module                  ro code  rw code  ro data  rw data
    ------                  -------  -------  -------  -------
C:\Users\Administrator\Desktop\固态PD现用8v\Prj\IAR\FN15_Debug\Obj: [1]
    LCD.o                        60                 4       12
    MK60_PIT.o                  124                52
    MK60_SysTick.o              100                56
    MK60_adc.o                  696                63        8
    MK60_conf.o                 320             1 948    1 800
    MK60_dma.o                  644                52
    MK60_flash.o                         400      456
    MK60_ftm.o                1 508                68       32
    MK60_gpio.o                 412                72       20
    MK60_mcg.o                  980       80      172       92
    MK60_port.o                 176                20       20
    MK60_uart.o                 624                76       24
    MK60_wdog.o                  64
    QP.o                      1 660
    SEEKFREE_MT9V032.o          572                     22 563
    VCAN_ASCII.o                                1 536
    VCAN_LCD.o                1 312                12
    VCAN_LCD_CH.o               452                 4
    VCAN_LCD_ST7735R.o        7 192                80        5
    VCAN_LCD_ST7735S.o          584                 4        5
    VCAN_LED.o                  112                 4        4
    VCAN_UI_VAR.o             6 608               308      242
    VCAN_key.o                  544                 8       59
    VCAN_key_event.o            312
    VCAN_menu.o                 466
    analyze.o                20 088                22      380
    camera.o                  1 624               270   35 312
    car.o                     2 788                32      178
    guaidian.o                1 228
    huan.o                   11 968
    main.o                       98                 1      157
    main_menu.o               1 496               852       67
    misc.o                       80                48
    reading_flash_from.o        536
    shizi.o                  10 180
    startup_MK60DZ10.o            8
    system_MK60DZ10.o           320                         12
    vectors.o                                   1 040
    wandao.o                  1 088
    zhangai.o                 1 052
    ----------------------------------------------------------
    Total:                   78 076      480    7 260   60 992

command line: [2]
    ----------------------------------------------------------
    Total:

dl7M_tlf.a: [3]
    abs.o                         8
    div.o                        14
    exit.o                        4
    localeconv.o                108               136      136
    low_level_init.o              4
    printf.o                     36
    putchar.o                    12
    xfiles.o                                       64      144
    xprintflarge_nomb.o       3 054
    xprout.o                     22
    xtls.o                        2
    ----------------------------------------------------------
    Total:                    3 264               200      280

m7M_tlv.a: [4]
    DblAdd.o                    232
    DblCmpLe.o                   46
    DblDiv.o                    582
    DblMul.o                    418
    DblSub.o                    384
    DblToFlt.o                  144
    DblToI32.o                   44
    FltToDbl.o                   78
    I32ToDbl.o                   28
    fpinit_M.o                   26
    xdnorm.o                     66
    ----------------------------------------------------------
    Total:                    2 048

rt7M_tl.a: [5]
    ABImemclr4.o                  6
    ABImemcpy_unaligned.o       118
    ABImemmove_unaligned.o      120
    ABImemset48.o                50
    I64DivMod.o                 238
    I64DivZer.o                   2
    XXexit.o                     12
    cexit.o                      10
    cmain.o                      26
    cstartup_M.o                 12
    data_init.o                  40
    memchr.o                     88
    strchr.o                     22
    strlen.o                     54
    zero_init3.o                 34
    ----------------------------------------------------------
    Total:                      832

    Gaps                         30                 2       10
    Linker created               32       16       36
--------------------------------------------------------------
    Grand Total:             84 282      496    7 498   61 282


*******************************************************************************
*** ENTRY LIST
***

Entry                      Address    Size  Type      Object
-----                      -------    ----  ----      ------
.bss$$Base              0x1fff108c           --   Gb  - Linker created -
.bss$$Limit             0x1ffff4da           --   Gb  - Linker created -
.data$$Base             0x1fff0410           --   Gb  - Linker created -
.data$$Limit            0x1fff0e9c           --   Gb  - Linker created -
.data_init$$Base        0x00012ffc           --   Gb  - Linker created -
.data_init$$Limit       0x00013a8c           --   Gb  - Linker created -
?main                   0x00016559          Code  Gb  cmain.o [5]
ADCN                    0x1fff059c     0x8  Data  Gb  MK60_adc.o [1]
ASSERT_FAILED_STR       0x000164e8    0x24  Data  Gb  MK60_conf.o [1]
BEI                     0x1fff9b4c     0x4  Data  Gb  main.o [1]
Bmov_l                  0x1ffff451     0x1  Data  Gb  analyze.o [1]
Bmov_r                  0x1ffff452     0x1  Data  Gb  analyze.o [1]
C_Gyro1                 0x1fff9a68     0x4  Data  Gb  car.o [1]
C_ZOUT                  0x1fff9a64     0x4  Data  Gb  car.o [1]
CodeRelocate$$Base      0x00015b48           --   Gb  - Linker created -
CodeRelocate$$Limit     0x00015d38           --   Gb  - Linker created -
CodeRelocateRam$$Base   0x1fff0e9c           --   Gb  - Linker created -
CodeRelocateRam$$Limit  0x1fff108c           --   Gb  - Linker created -
Com2_angle              0x1fff9a7c     0x4  Data  Gb  car.o [1]
DIREGYRO_OFFSET         0x1fff9a6c     0x4  Data  Gb  car.o [1]
DMA0_IRQHandler         0x00014c15    0x14  Code  Gb  main_menu.o [1]
Error                   0x1fff9ad4     0x4  Data  Gb  car.o [1]
Error_maker             0x0000beb3   0x1ec  Code  Gb  car.o [1]
Error_out               0x1fff9ac4     0x4  Data  Gb  car.o [1]
FTMN                    0x1fff0cac    0x10  Data  Gb  MK60_ftm.o [1]
FTM_port_mux            0x0000cb69   0x1ac  Code  Lc  MK60_ftm.o [1]
GPIOX                   0x1fff0cbc    0x14  Data  Gb  MK60_gpio.o [1]
IMG_select_func         0x00014a9b    0xaa  Code  Gb  main_menu.o [1]
IMG_select_func_name    0x00015f1c    0xe0  Data  Lc  main_menu.o [1]
JSD_ADC                 0x1fff9aa8     0x4  Data  Gb  car.o [1]
KEY_PTxn                0x1fff0d58     0x8  Data  Gb  VCAN_key.o [1]
LCD1_init               0x00014e91    0x14  Code  Gb  LCD.o [1]
LCD_CAMERA_erzhiSHOW    0x00014ea5    0x16  Code  Gb  LCD.o [1]
LCD_FChar_CH            0x00015361   0x13e  Code  Gb  VCAN_LCD_CH.o [1]
LCD_FStr_CH             0x000154b9    0x6c  Code  Gb  VCAN_LCD_CH.o [1]
LCD_Img_gray_Z          0x000129dd   0x13c  Code  Gb  VCAN_LCD.o [1]
LCD_ST7735R_dir         0x0000ffeb   0xa0c  Code  Gb  VCAN_LCD_ST7735R.o [1]
LCD_ST7735R_init        0x0000f02d   0xfbe  Code  Gb  VCAN_LCD_ST7735R.o [1]
LCD_ST7735R_ptlon       0x00010a0d   0x208  Code  Gb  VCAN_LCD_ST7735R.o [1]
LCD_ST7735S_ptlon       0x00015525   0x21c  Code  Gb  VCAN_LCD_ST7735S.o [1]
LCD_char                0x00012741   0x19e  Code  Gb  VCAN_LCD.o [1]
LCD_clear               0x00012719    0x28  Code  Gb  VCAN_LCD.o [1]
LCD_init                0x0001261d    0x2c  Code  Gb  VCAN_LCD.o [1]
LCD_num_BC              0x000128df    0xfe  Code  Gb  VCAN_LCD.o [1]
LCD_off_flag            0x1ffff4ce     0x1  Data  Gb  main.o [1]
LCD_rectangle           0x00012649    0xd0  Code  Gb  VCAN_LCD.o [1]
LED_PTxn                0x1fff0d68     0x4  Data  Gb  VCAN_LED.o [1]
LastError               0x1fff9ad8     0x4  Data  Gb  car.o [1]
Left_turn               0x0000bc35   0x1dc  Code  Gb  wandao.o [1]
LoadInt                 0x0000e671    0x6e  Code  Lc  xprintflarge_nomb.o [3]
MOTOR_PID_func          0x000149e9    0xb2  Code  Gb  main_menu.o [1]
MOTOR_PID_func_name     0x0001613c    0xa0  Data  Lc  main_menu.o [1]
NVIC_DisableIRQ         0x000146fb    0x16  Code  Lc  main_menu.o [1]
NVIC_DisableIRQ         0x00012b51    0x14  Code  Lc  SEEKFREE_MT9V032.o [1]
NVIC_EnableIRQ          0x000146e5    0x16  Code  Lc  main_menu.o [1]
NVIC_EnableIRQ          0x00012b3d    0x14  Code  Lc  SEEKFREE_MT9V032.o [1]
NVIC_SetPriority        0x0000be5d    0x2a  Code  Lc  car.o [1]
NVIC_SystemReset        0x0000ca01    0x1a  Code  Lc  MK60_conf.o [1]
PD                      0x1fff0548     0x4  Data  Gb  car.o [1]
PIT0_IRQHandler         0x00014c29    0x14  Code  Gb  main_menu.o [1]
PIT3_IRQHandler         0x0000c3ad   0x37c  Code  Gb  car.o [1]
PORTA_IRQHandler        0x00014bf9    0x1c  Code  Gb  main_menu.o [1]
PORTX                   0x1fff0d2c    0x14  Data  Gb  MK60_port.o [1]
PWM_out_you             0x1fff9a98     0x4  Data  Gb  car.o [1]
PWM_out_zuo             0x1fff9a94     0x4  Data  Gb  car.o [1]
QP_allow                0x1fff0425     0x1  Data  Gb  analyze.o [1]
QP_bianyan_find         0x00008071    0xd4  Code  Gb  QP.o [1]
QP_end_hang             0x1ffff4a4     0x1  Data  Gb  analyze.o [1]
QP_find_l               0x1ffff4a0     0x1  Data  Gb  analyze.o [1]
QP_find_r               0x1ffff4a1     0x1  Data  Gb  analyze.o [1]
QP_point_l              0x1ffff4a6     0x1  Data  Gb  analyze.o [1]
QP_point_r              0x1ffff4a7     0x1  Data  Gb  analyze.o [1]
QP_scan                 0x00008145   0x406  Code  Gb  QP.o [1]
QP_search_l             0x00007f29    0xa2  Code  Gb  QP.o [1]
QP_search_r             0x00007fcb    0xa6  Code  Gb  QP.o [1]
QP_start_hang           0x1ffff4a3     0x1  Data  Gb  analyze.o [1]
Region$$Table$$Base     0x0001650c           --   Gb  - Linker created -
Region$$Table$$Limit    0x0001651c           --   Gb  - Linker created -
Reset_Handler           0x00000411          Code  Gb  startup_MK60DZ10.o [1]
Right_turn              0x0000ba1d   0x218  Code  Gb  wandao.o [1]
SPEED_CONTROL_PEROID    0x1fff0534     0x4  Data  Gb  car.o [1]
ST7735R_get_h           0x00010c15     0x6  Code  Gb  VCAN_LCD_ST7735R.o [1]
ST7735R_get_w           0x00010c1b     0x6  Code  Gb  VCAN_LCD_ST7735R.o [1]
ST7735S_get_h           0x00015741     0x6  Code  Gb  VCAN_LCD_ST7735S.o [1]
ST7735S_get_w           0x00015747     0x6  Code  Gb  VCAN_LCD_ST7735S.o [1]
STEERING_PID_func       0x00014935    0xb4  Code  Gb  main_menu.o [1]
STEERING_PID_func_name  0x0001609c    0xa0  Data  Lc  main_menu.o [1]
SteerSum                0x1fff9adc     0x4  Data  Gb  car.o [1]
TLY_ADC                 0x1fff9aac     0x4  Data  Gb  car.o [1]
UARTN                   0x1fff0d40    0x18  Data  Gb  MK60_uart.o [1]
VOLTAGE_DIREGYRO        0x1fff9ab0     0x4  Data  Gb  car.o [1]
VSYNC                   0x00012ce9    0x16  Code  Gb  SEEKFREE_MT9V032.o [1]
V_YOU                   0x1fff9ad0     0x4  Data  Gb  car.o [1]
V_ZUO                   0x1fff9acc     0x4  Data  Gb  car.o [1]
V_control               0x0000c0a1   0x308  Code  Gb  car.o [1]
V_read                  0x1fff9a9c     0x4  Data  Gb  car.o [1]
ZL_D                    0x1fff0544     0x4  Data  Gb  car.o [1]
ZL_P                    0x1fff0540     0x4  Data  Gb  car.o [1]
_GenldLargeNoMb         0x0000ea65   0x236  Code  Lc  xprintflarge_nomb.o [3]
_LdtobLargeNoMb         0x0000e7e5   0x27a  Code  Lc  xprintflarge_nomb.o [3]
_LitobLargeNoMb         0x0000e6df   0x106  Code  Lc  xprintflarge_nomb.o [3]
_Locale_aeabi_lconv     0x1ffff52c    0x38  Data  Gb  localeconv.o [3]
_Locale_lconv           0x1ffff4dc    0x50  Data  Gb  localeconv.o [3]
_PrintfLargeNoMb        0x0000e0f5   0x576  Code  Gb  xprintflarge_nomb.o [3]
_Prout                  0x00016595    0x16  Code  Gb  xprout.o [3]
_PutcharsLargeNoMb      0x0000ec9b    0x2e  Code  Lc  xprintflarge_nomb.o [3]
__BOOT_STACK_ADDRESS {Abs}
                        0x2000fff8           --   Gb  command line/config [2]
__VECTOR_RAM {Abs}      0x1fff0000           --   Gb  command line/config [2]
__VECTOR_TABLE {Abs}    0x00000000           --   Gb  command line/config [2]
__aeabi_cdcmple         0x0000ef35          Code  Gb  DblCmpLe.o [4]
__aeabi_d2f             0x0000d69d          Code  Gb  DblToFlt.o [4]
__aeabi_d2uiz           0x0000ef65          Code  Gb  DblToI32.o [4]
__aeabi_dadd            0x0000d8d1          Code  Gb  DblAdd.o [4]
__aeabi_ddiv            0x0000d455          Code  Gb  DblDiv.o [4]
__aeabi_dmul            0x0000d72d          Code  Gb  DblMul.o [4]
__aeabi_dsub            0x0000df75          Code  Gb  DblSub.o [4]
__aeabi_f2d             0x0000d405          Code  Gb  FltToDbl.o [4]
__aeabi_ldiv0           0x0000f029          Code  Gb  I64DivZer.o [5]
__aeabi_memclr4         0x0000cb41          Code  Gb  ABImemclr4.o [5]
__aeabi_ui2d            0x0000ef91          Code  Gb  I32ToDbl.o [4]
__aeabi_uldivmod        0x0000ed8d          Code  Gb  I64DivMod.o [5]
__as_entries_start      0xffffffff           --   Gb  command line/config [2]
__as_table_start        0xffffffff           --   Gb  command line/config [2]
__cmain                 0x00016559          Code  Gb  cmain.o [5]
__code_start__ {Abs}    0x00000410           --   Gb  command line/config [2]
__exit                  0x00016589          Code  Gb  XXexit.o [5]
__iar_Dnorm             0x0000eef3    0x42  Code  Gb  xdnorm.o [4]
__iar_Locale_lconv_init
                        0x0000efad    0x3a  Code  Gb  localeconv.o [3]
__iar_Memchr            0x0000ed35          Code  Gb  memchr.o [5]
__iar_Memset4_word      0x0000df41          Code  Gb  ABImemset48.o [5]
__iar_Memset8_word      0x0000df41          Code  Gb  ABImemset48.o [5]
__iar_Stdout            0x1fff0e5c    0x40  Data  Gb  xfiles.o [3]
__iar_Strchr            0x0000ece5          Code  Gb  strchr.o [5]
__iar_d2uiz             0x0000ef71          Code  Gb  DblToI32.o [4]
__iar_dadd              0x0000d8e5          Code  Gb  DblAdd.o [4]
__iar_data_init3        0x000164c1    0x28  Code  Gb  data_init.o [5]
__iar_dlib_perthread_access
                        0x0000f02b     0x2  Code  Gb  xtls.o [3]
__iar_dsub              0x0000df89          Code  Gb  DblSub.o [4]
__iar_dsubStart         0x0000df9b          Code  Gb  DblSub.o [4]
__iar_init_vfp          0x0001653d          Code  Gb  fpinit_M.o [4]
__iar_program_start     0x000165cd          Code  Gb  cstartup_M.o [5]
__iar_ui2d              0x0000ef95          Code  Gb  I32ToDbl.o [4]
__iar_unaligned___aeabi_memcpy
                        0x0000ee7d          Code  Gb  ABImemcpy_unaligned.o [5]
__iar_unaligned___aeabi_memcpy4
                        0x0000ee9d          Code  Gb  ABImemcpy_unaligned.o [5]
__iar_unaligned___aeabi_memcpy8
                        0x0000ee9d          Code  Gb  ABImemcpy_unaligned.o [5]
__iar_unaligned___aeabi_memmove
                        0x000152e9          Code  Gb  ABImemmove_unaligned.o [5]
__iar_unaligned___aeabi_memmove4
                        0x000152e9          Code  Gb  ABImemmove_unaligned.o [5]
__iar_unaligned___aeabi_memmove8
                        0x000152e9          Code  Gb  ABImemmove_unaligned.o [5]
__iar_zero_init3        0x0000cb47    0x22  Code  Gb  zero_init3.o [5]
__low_level_init        0x00016573     0x4  Code  Gb  low_level_init.o [3]
__vector_table          0x00000000   0x410  Data  Gb  vectors.o [1]
_call_main              0x00016565          Code  Gb  cmain.o [5]
_exit                   0x0001657d          Code  Gb  cexit.o [5]
_main                   0x0001656f          Code  Gb  cmain.o [5]
a                       0x1ffff42e     0x1  Data  Gb  analyze.o [1]
ab_maker_l              0x00006c89   0x25e  Code  Gb  shizi.o [1]
ab_maker_r              0x00006ef5   0x22c  Code  Gb  shizi.o [1]
ab_maker_twice_l        0x0000575d   0x238  Code  Gb  shizi.o [1]
ab_maker_twice_r        0x00005999   0x216  Code  Gb  shizi.o [1]
abs                     0x00007f21     0x8  Code  Gb  abs.o [3]
acc_angle               0x1fff9a74     0x4  Data  Gb  car.o [1]
adc_init                0x0000d14d   0x20e  Code  Gb  MK60_adc.o [1]
adc_once                0x0000d35b    0x50  Code  Gb  MK60_adc.o [1]
adc_start               0x0000d3ab    0x44  Code  Lc  MK60_adc.o [1]
all_l                   0x1ffff4ab     0x1  Data  Gb  analyze.o [1]
all_r                   0x1ffff4aa     0x1  Data  Gb  analyze.o [1]
allblack                0x00000419    0x5c  Code  Gb  analyze.o [1]
already_QP              0x1ffff4a8     0x1  Data  Gb  analyze.o [1]
aq                      0x1fff9b44     0x4  Data  Gb  main.o [1]
ascii_8x16              0x000140e4   0x600  Data  Gb  VCAN_ASCII.o [1]
asdf1                   0x1ffff4b2     0x1  Data  Gb  main.o [1]
asdf2                   0x1ffff412     0x2  Data  Gb  main.o [1]
assert_failed           0x0000ca1b    0x26  Code  Gb  MK60_conf.o [1]
average_point           0x1ffff4a5     0x1  Data  Gb  analyze.o [1]
b                       0x1fff0410     0x1  Data  Gb  analyze.o [1]
bianyan_find            0x00000777   0x19c  Code  Gb  analyze.o [1]
black_hang              0x1ffff4a2     0x1  Data  Gb  analyze.o [1]
bq                      0x1fff9b48     0x4  Data  Gb  main.o [1]
bus_clk_khz             0x1ffff38c     0x4  Data  Gb  system_MK60DZ10.o [1]
camera_init2            0x00012bc3   0x126  Code  Gb  SEEKFREE_MT9V032.o [1]
camera_init_first       0x1ffff4b5     0x1  Data  Gb  main.o [1]
camera_stuff_func       0x0001483b    0xfa  Code  Gb  main_menu.o [1]
camera_stuff_func_name  0x00015ffc    0xa0  Data  Lc  main_menu.o [1]
car_camera_init         0x00013a8d     0x8  Code  Gb  camera.o [1]
car_ctrl                0x1ffff4d8     0x1  Data  Lc  VCAN_UI_VAR.o [1]
car_init                0x0000be87    0x2c  Code  Gb  car.o [1]
center                  0x1fff108c    0x3c  Data  Gb  analyze.o [1]
center_find             0x00000475   0x302  Code  Gb  analyze.o [1]
center_line1            0x1ffff43d     0x1  Data  Gb  analyze.o [1]
center_line2            0x1ffff43e     0x1  Data  Gb  analyze.o [1]
center_line3            0x1ffff43f     0x1  Data  Gb  analyze.o [1]
center_line_first       0x1ffff478     0x1  Data  Gb  analyze.o [1]
center_maker            0x000046cd   0x624  Code  Gb  analyze.o [1]
chazhi_l                0x1ffff482     0x1  Data  Gb  analyze.o [1]
chazhi_r                0x1ffff483     0x1  Data  Gb  analyze.o [1]
chu_huan                0x1ffff485     0x1  Data  Gb  analyze.o [1]
chu_wan                 0x1ffff493     0x1  Data  Gb  analyze.o [1]
clear_all               0x00004ef1   0x212  Code  Gb  analyze.o [1]
common_startup          0x00015da3    0x98  Code  Gb  system_MK60DZ10.o [1]
core_clk_khz            0x1ffff384     0x4  Data  Gb  system_MK60DZ10.o [1]
core_clk_mhz            0x1ffff388     0x4  Data  Gb  system_MK60DZ10.o [1]
count_left              0x1ffff45d     0x1  Data  Gb  analyze.o [1]
count_right             0x1ffff45e     0x1  Data  Gb  analyze.o [1]
cpoint                  0x1ffff49c     0x1  Data  Gb  analyze.o [1]
dDD                     0x1fff0550     0x4  Data  Gb  car.o [1]
dDDD                    0x1fff9abc     0x4  Data  Gb  car.o [1]
dPP                     0x1fff054c     0x4  Data  Gb  car.o [1]
deal_key_event          0x00014fb3   0x11e  Code  Gb  VCAN_key_event.o [1]
default_isr             0x0000caef    0x30  Code  Gb  MK60_conf.o [1]
dibu_l                  0x1ffff46c     0x1  Data  Gb  analyze.o [1]
dibu_r                  0x1ffff46d     0x1  Data  Gb  analyze.o [1]
dihang_a                0x1ffff470     0x1  Data  Gb  analyze.o [1]
dihang_b                0x1fff0422     0x1  Data  Gb  analyze.o [1]
direD                   0x1fff9ac0     0x4  Data  Gb  car.o [1]
div                     0x0000f019     0xe  Code  Gb  div.o [3]
dma_gpio_input_init     0x00012d79    0x5c  Code  Lc  MK60_dma.o [1]
dma_portx2buff_init     0x00012dd5   0x1f4  Code  Gb  MK60_dma.o [1]
dma_repeat              0x00012b65    0x5e  Code  Lc  SEEKFREE_MT9V032.o [1]
exit                    0x00016577     0x4  Code  Gb  exit.o [3]
find_qipao              0x1ffff49e     0x1  Data  Gb  analyze.o [1]
find_shit               0x1ffff495     0x1  Data  Gb  analyze.o [1]
first_i_l               0x1ffff469     0x1  Data  Gb  analyze.o [1]
first_i_r               0x1ffff468     0x1  Data  Gb  analyze.o [1]
first_lost_a_l          0x1ffff464     0x1  Data  Gb  analyze.o [1]
first_lost_a_r          0x1ffff465     0x1  Data  Gb  analyze.o [1]
first_lost_b_l          0x1ffff462     0x1  Data  Gb  analyze.o [1]
first_lost_b_r          0x1ffff463     0x1  Data  Gb  analyze.o [1]
first_lost_center_l     0x1ffff466     0x1  Data  Gb  analyze.o [1]
first_lost_center_r     0x1ffff467     0x1  Data  Gb  analyze.o [1]
first_lost_lie_l        0x1fff041c     0x1  Data  Gb  analyze.o [1]
first_lost_lie_l1       0x1fff041f     0x1  Data  Gb  analyze.o [1]
first_lost_lie_l_ram    0x1fff0421     0x1  Data  Gb  analyze.o [1]
first_lost_lie_r        0x1fff041d     0x1  Data  Gb  analyze.o [1]
first_lost_lie_r1       0x1fff041e     0x1  Data  Gb  analyze.o [1]
first_lost_lie_r_ram    0x1fff0420     0x1  Data  Gb  analyze.o [1]
first_point_l           0x1ffff433     0x1  Data  Gb  analyze.o [1]
first_point_r           0x1ffff434     0x1  Data  Gb  analyze.o [1]
fix_l                   0x00005bbd   0x7ba  Code  Gb  shizi.o [1]
fix_r                   0x00006425   0x85a  Code  Gb  shizi.o [1]
flag                    0x1fff9b3c     0x4  Data  Gb  main.o [1]
flag_black              0x1ffff481     0x1  Data  Gb  analyze.o [1]
flag_dasi               0x1ffff48e     0x1  Data  Gb  analyze.o [1]
flag_early              0x1ffff4ac     0x1  Data  Gb  analyze.o [1]
flag_finish             0x1ffff4d1     0x1  Data  Gb  main_menu.o [1]
flag_huan               0x1ffff487     0x1  Data  Gb  analyze.o [1]
flag_huan1              0x1ffff4cd     0x1  Data  Gb  main.o [1]
flag_l                  0x1ffff440     0x1  Data  Gb  analyze.o [1]
flag_r                  0x1ffff441     0x1  Data  Gb  analyze.o [1]
flag_search_up          0x1ffff48c     0x1  Data  Gb  analyze.o [1]
flag_shit               0x1ffff496     0x1  Data  Gb  analyze.o [1]
flag_shit_test          0x1ffff494     0x1  Data  Gb  analyze.o [1]
flag_twice_l            0x1ffff46e     0x1  Data  Gb  analyze.o [1]
flag_twice_r            0x1ffff46f     0x1  Data  Gb  analyze.o [1]
flag_wan                0x1ffff48f     0x1  Data  Gb  analyze.o [1]
flag_zhidao             0x1ffff48d     0x1  Data  Gb  analyze.o [1]
flash_cmd               0x1fff0ead    0x20  Code  Gb  MK60_flash.o [1]
flash_erase_sector      0x1fff0ef1    0x5c  Code  Gb  MK60_flash.o [1]
flash_init              0x1fff0ecd    0x24  Code  Gb  MK60_flash.o [1]
flash_write             0x1fff0f4d    0xb4  Code  Gb  MK60_flash.o [1]
fputc                   0x0000ca41    0x14  Code  Gb  MK60_conf.o [1]
ftm_mod                 0x1fff9b54    0x10  Data  Lc  MK60_ftm.o [1]
ftm_pwm_duty            0x0000cebf   0x118  Code  Gb  MK60_ftm.o [1]
ftm_pwm_init            0x0000cd15   0x1aa  Code  Gb  MK60_ftm.o [1]
ftm_quad_clean          0x0000d109    0x28  Code  Gb  MK60_ftm.o [1]
ftm_quad_get            0x0000d0dd    0x2c  Code  Gb  MK60_ftm.o [1]
ftm_quad_init           0x0000cfd7   0x106  Code  Gb  MK60_ftm.o [1]
fw_confirm1             0x1ffff4b8     0x1  Data  Gb  main.o [1]
fw_confirm2             0x1ffff4b9     0x1  Data  Gb  main.o [1]
g_nSpeedControlperiod   0x1fff9ac8     0x4  Data  Gb  car.o [1]
g_nTurnControlPeroid    0x1fff9ae0     0x4  Data  Gb  car.o [1]
get_erzhiimage          0x00014053    0x6a  Code  Gb  camera.o [1]
get_key_msg             0x0000de19    0x62  Code  Gb  VCAN_key.o [1]
get_var                 0x00010d0d    0x42  Code  Gb  VCAN_UI_VAR.o [1]
gpio_get                0x000086fd    0x3a  Code  Gb  MK60_gpio.o [1]
gpio_init               0x000085a5    0xae  Code  Gb  MK60_gpio.o [1]
gpio_set                0x00008653    0x72  Code  Gb  MK60_gpio.o [1]
gpio_turn               0x000086c5    0x38  Code  Gb  MK60_gpio.o [1]
gro_Rate                0x1fff9a78     0x4  Data  Gb  car.o [1]
guaidian_erci_l         0x00005291    0x9a  Code  Gb  guaidian.o [1]
guaidian_erci_r         0x0000532b    0x9a  Code  Gb  guaidian.o [1]
guaidian_hang_l         0x1ffff473     0x1  Data  Gb  analyze.o [1]
guaidian_hang_r         0x1ffff474     0x1  Data  Gb  analyze.o [1]
guaidian_hang_upl       0x1ffff47c     0x1  Data  Gb  analyze.o [1]
guaidian_hang_upr       0x1ffff47e     0x1  Data  Gb  analyze.o [1]
guaidian_l              0x1ffff471     0x1  Data  Gb  analyze.o [1]
guaidian_lie_l          0x1ffff475     0x1  Data  Gb  analyze.o [1]
guaidian_lie_r          0x1fff0423     0x1  Data  Gb  analyze.o [1]
guaidian_lie_upl        0x1ffff47d     0x1  Data  Gb  analyze.o [1]
guaidian_lie_upr        0x1ffff47f     0x1  Data  Gb  analyze.o [1]
guaidian_panduan        0x000053c5   0x11a  Code  Gb  guaidian.o [1]
guaidian_r              0x1ffff472     0x1  Data  Gb  analyze.o [1]
guaidian_search_up      0x000054df   0x1b8  Code  Gb  guaidian.o [1]
huan_kb_l               0x00008741   0x4fc  Code  Gb  huan.o [1]
huan_kb_r               0x00008c41   0x3ca  Code  Gb  huan.o [1]
huan_l                  0x00009069  0x1224  Code  Gb  huan.o [1]
huan_last               0x1ffff489     0x1  Data  Gb  analyze.o [1]
huan_r                  0x0000a2f5  0x128a  Code  Gb  huan.o [1]
huan_stop_wan           0x1ffff48b     0x1  Data  Gb  analyze.o [1]
huan_wan                0x1ffff48a     0x1  Data  Gb  analyze.o [1]
i                       0x1ffff431     0x1  Data  Gb  analyze.o [1]
i_last_l                0x1ffff46b     0x1  Data  Gb  analyze.o [1]
i_last_r                0x1ffff46a     0x1  Data  Gb  analyze.o [1]
i_left                  0x1ffff4ae     0x1  Data  Gb  camera.o [1]
i_right                 0x1ffff4af     0x1  Data  Gb  camera.o [1]
image_h                 0x1fff9b64  0x5820  Data  Gb  SEEKFREE_MT9V032.o [1]
img                     0x1fff1174  0x5820  Data  Gb  camera.o [1]
img_data                0x1fff8794  0x12c0  Data  Gb  camera.o [1]
img_extract1_col        0x1fff0464    0x80  Data  Gb  camera.o [1]
img_extract2_col        0x1fff04e4    0x50  Data  Gb  camera.o [1]
img_extract_row         0x1fff0428    0x3c  Data  Gb  camera.o [1]
img_threshold           0x1ffff410     0x2  Data  Gb  camera.o [1]
img_zhuanchun           0x1fff6994  0x1e00  Data  Gb  camera.o [1]
imgsize_erzhi           0x1fff0554     0x4  Data  Gb  LCD.o [1]
j                       0x1ffff432     0x1  Data  Gb  analyze.o [1]
key_IRQHandler          0x0000de7b    0xae  Code  Gb  VCAN_key.o [1]
key_check               0x0000dd8d    0x2a  Code  Gb  VCAN_key.o [1]
key_event_init          0x00014f99    0x1a  Code  Gb  VCAN_key_event.o [1]
key_get                 0x0000dd73    0x1a  Code  Gb  VCAN_key.o [1]
key_init                0x0000dd21    0x52  Code  Gb  VCAN_key.o [1]
key_msg                 0x1ffff390    0x28  Data  Gb  VCAN_key.o [1]
key_msg_flag            0x1ffff4d5     0x1  Data  Gb  VCAN_key.o [1]
key_msg_front           0x1ffff4d3     0x1  Data  Gb  VCAN_key.o [1]
key_msg_rear            0x1ffff4d4     0x1  Data  Gb  VCAN_key.o [1]
last_point_l            0x1ffff436     0x1  Data  Gb  analyze.o [1]
last_point_r            0x1ffff435     0x1  Data  Gb  analyze.o [1]
led_init                0x0000d9b9    0x3a  Code  Gb  VCAN_LED.o [1]
led_turn                0x0000d9f3    0x32  Code  Gb  VCAN_LED.o [1]
left                    0x000009e9    0x54  Code  Gb  analyze.o [1]
left1                   0x1fff1104    0x3c  Data  Gb  analyze.o [1]
left_line               0x1fff0414     0x4  Data  Gb  analyze.o [1]
lin1                    0x1ffff453     0x1  Data  Gb  analyze.o [1]
lin2_l                  0x1ffff454     0x1  Data  Gb  analyze.o [1]
lin2_r                  0x1ffff455     0x1  Data  Gb  analyze.o [1]
lin3                    0x1ffff456     0x1  Data  Gb  analyze.o [1]
lin4_l                  0x1ffff457     0x1  Data  Gb  analyze.o [1]
lin4_r                  0x1ffff458     0x1  Data  Gb  analyze.o [1]
lin5_l                  0x1ffff459     0x1  Data  Gb  analyze.o [1]
lin5_r                  0x1ffff45a     0x1  Data  Gb  analyze.o [1]
lin_l                   0x1ffff45b     0x1  Data  Gb  analyze.o [1]
lin_r                   0x1ffff45c     0x1  Data  Gb  analyze.o [1]
load                    0x1ffff4b0     0x1  Data  Gb  car.o [1]
localeconv              0x0000efe7    0x16  Code  Gb  localeconv.o [3]
lost_all_l              0x1ffff490     0x1  Data  Gb  analyze.o [1]
lost_all_r              0x1ffff491     0x1  Data  Gb  analyze.o [1]
lost_left_center        0x1ffff460     0x1  Data  Gb  analyze.o [1]
lost_right_center       0x1ffff461     0x1  Data  Gb  analyze.o [1]
lu                      0x1ffff448     0x1  Data  Gb  analyze.o [1]
lu1                     0x1ffff44c     0x1  Data  Gb  analyze.o [1]
main                    0x00015eb9    0x62  Code  Gb  main.o [1]
main_menu               0x1fff055c    0x3c  Data  Lc  main_menu.o [1]
main_menu_deal          0x00014737    0x24  Code  Lc  main_menu.o [1]
main_menu_init          0x00014711    0x26  Code  Lc  main_menu.o [1]
main_menu_max           0x1fff0598     0x1  Data  Lc  main_menu.o [1]
main_menu_new           0x1ffff4d0     0x1  Data  Lc  main_menu.o [1]
main_menu_site          0x1fff9b50     0x4  Data  Lc  main_menu.o [1]
main_menu_task          0x0001475b    0xe0  Code  Gb  main_menu.o [1]
mcg_cfg                 0x1fff0cd0    0x58  Data  Gb  MK60_mcg.o [1]
mcg_div                 0x1fff0d28     0x4  Data  Gb  MK60_mcg.o [1]
mcg_div_count           0x00015775   0x304  Code  Gb  MK60_mcg.o [1]
memchr                  0x0000ed35          Code  Gb  memchr.o [5]
memory11                0x1ffff4c2     0x1  Data  Gb  main.o [1]
memory12                0x1ffff4c3     0x1  Data  Gb  main.o [1]
memory13                0x1ffff418     0x2  Data  Gb  main.o [1]
memory14                0x1ffff41a     0x2  Data  Gb  main.o [1]
memory15                0x1fff9b00     0x4  Data  Gb  main.o [1]
memory16                0x1fff9b04     0x4  Data  Gb  main.o [1]
memory19                0x1fff9b08     0x4  Data  Gb  main.o [1]
memory21                0x1ffff4c4     0x1  Data  Gb  main.o [1]
memory22                0x1ffff4c5     0x1  Data  Gb  main.o [1]
memory23                0x1ffff41c     0x2  Data  Gb  main.o [1]
memory24                0x1ffff41e     0x2  Data  Gb  main.o [1]
memory25                0x1fff9b0c     0x4  Data  Gb  main.o [1]
memory26                0x1fff9b10     0x4  Data  Gb  main.o [1]
memory29                0x1fff9b14     0x4  Data  Gb  main.o [1]
memory31                0x1ffff4c6     0x1  Data  Gb  main.o [1]
memory32                0x1ffff4c7     0x1  Data  Gb  main.o [1]
memory33                0x1ffff420     0x2  Data  Gb  main.o [1]
memory34                0x1ffff422     0x2  Data  Gb  main.o [1]
memory35                0x1fff9b18     0x4  Data  Gb  main.o [1]
memory36                0x1fff9b1c     0x4  Data  Gb  main.o [1]
memory39                0x1fff9b20     0x4  Data  Gb  main.o [1]
memory41                0x1ffff4c8     0x1  Data  Gb  main.o [1]
memory42                0x1ffff4c9     0x1  Data  Gb  main.o [1]
memory43                0x1ffff424     0x2  Data  Gb  main.o [1]
memory44                0x1ffff426     0x2  Data  Gb  main.o [1]
memory45                0x1fff9b24     0x4  Data  Gb  main.o [1]
memory46                0x1fff9b28     0x4  Data  Gb  main.o [1]
memory49                0x1fff9b2c     0x4  Data  Gb  main.o [1]
memory51                0x1ffff4ca     0x1  Data  Gb  main.o [1]
memory52                0x1ffff4cb     0x1  Data  Gb  main.o [1]
memory53                0x1ffff428     0x2  Data  Gb  main.o [1]
memory54                0x1ffff42a     0x2  Data  Gb  main.o [1]
memory55                0x1fff9b30     0x4  Data  Gb  main.o [1]
memory56                0x1fff9b34     0x4  Data  Gb  main.o [1]
memory59                0x1fff9b38     0x4  Data  Gb  main.o [1]
memory_flag1            0x1ffff4bb     0x1  Data  Gb  main.o [1]
memory_flag2            0x1ffff4bc     0x1  Data  Gb  main.o [1]
memory_flag3            0x1ffff4bd     0x1  Data  Gb  main.o [1]
memory_flag4            0x1ffff4be     0x1  Data  Gb  main.o [1]
memory_flag5            0x1ffff4bf     0x1  Data  Gb  main.o [1]
memory_flag6            0x1ffff4c0     0x1  Data  Gb  main.o [1]
memory_flag9            0x1ffff4c1     0x1  Data  Gb  main.o [1]
memoryflag1             0x1ffff4ba     0x1  Data  Gb  main.o [1]
menu_deal               0x00014ce5   0x114  Code  Gb  VCAN_menu.o [1]
menu_display            0x00014dfd    0x92  Code  Gb  VCAN_menu.o [1]
menu_init               0x00014cbd    0x28  Code  Gb  VCAN_menu.o [1]
menu_select             0x1fff0558     0x1  Data  Gb  main.o [1]
mlu                     0x1ffff449     0x1  Data  Gb  analyze.o [1]
mlu1                    0x1ffff44d     0x1  Data  Gb  analyze.o [1]
mt9v032_finish_flag     0x1ffff4d2     0x1  Data  Gb  SEEKFREE_MT9V032.o [1]
new_tab                 0x1ffff4d9     0x1  Data  Gb  VCAN_UI_VAR.o [1]
no_find                 0x1ffff479     0x1  Data  Gb  analyze.o [1]
no_find_l               0x1ffff47b     0x1  Data  Gb  analyze.o [1]
no_find_r               0x1ffff47a     0x1  Data  Gb  analyze.o [1]
not_search              0x1ffff49f     0x1  Data  Gb  analyze.o [1]
now_row                 0x1ffff42c     0x2  Data  Gb  SEEKFREE_MT9V032.o [1]
nru                     0x1ffff44b     0x1  Data  Gb  analyze.o [1]
nru1                    0x1ffff44f     0x1  Data  Gb  analyze.o [1]
num_info                0x1fff0d94    0xc8  Data  Gb  VCAN_UI_VAR.o [1]
obuf                    0x1ffff3c0    0x50  Data  Lc  xfiles.o [3]
oneside_all_l           0x1ffff43b     0x1  Data  Gb  analyze.o [1]
oneside_all_r           0x1ffff43c     0x1  Data  Gb  analyze.o [1]
others_func             0x00014b45    0xb2  Code  Gb  main_menu.o [1]
others_func_name        0x0001626c    0x40  Data  Lc  main_menu.o [1]
pit_init                0x00014f1d    0x6c  Code  Gb  MK60_PIT.o [1]
pll_init                0x00015a79    0xb2  Code  Gb  MK60_mcg.o [1]
port_init               0x0000c941    0x44  Code  Gb  MK60_port.o [1]
port_init_NoALT         0x0000c985    0x62  Code  Gb  MK60_port.o [1]
printf                  0x0000da29    0x24  Code  Gb  printf.o [3]
putchar                 0x000165ad     0xc  Code  Gb  putchar.o [3]
qingping_cnt            0x1ffff4cf     0x1  Data  Gb  main.o [1]
reading_flash_from_secotr
                        0x000150d1   0x218  Code  Gb  reading_flash_from.o [1]
return_menu1            0x1ffff4b6     0x1  Data  Gb  main.o [1]
return_menu2            0x1ffff4b7     0x1  Data  Gb  main.o [1]
right                   0x00000a3d    0x58  Code  Gb  analyze.o [1]
right1                  0x1fff10c8    0x3c  Data  Gb  analyze.o [1]
right_line              0x1fff0418     0x4  Data  Gb  analyze.o [1]
row_finished            0x00012cff    0x3a  Code  Gb  SEEKFREE_MT9V032.o [1]
ru                      0x1ffff44a     0x1  Data  Gb  analyze.o [1]
ru1                     0x1ffff44e     0x1  Data  Gb  analyze.o [1]
ru_huan                 0x1ffff484     0x1  Data  Gb  analyze.o [1]
ru_wan                  0x1ffff492     0x1  Data  Gb  analyze.o [1]
s                       0x1fff0411     0x1  Data  Gb  analyze.o [1]
save_var                0x00010cb5    0x58  Code  Gb  VCAN_UI_VAR.o [1]
scan                    0x00000f85  0x36fe  Code  Gb  analyze.o [1]
search_mid              0x00004d15   0x160  Code  Gb  analyze.o [1]
seclast_point_l         0x1ffff438     0x1  Data  Gb  analyze.o [1]
seclast_point_r         0x1ffff43a     0x1  Data  Gb  analyze.o [1]
second_point_l          0x1ffff437     0x1  Data  Gb  analyze.o [1]
second_point_r          0x1ffff439     0x1  Data  Gb  analyze.o [1]
send_key_msg            0x0000ddb7    0x62  Code  Gb  VCAN_key.o [1]
set_flag                0x1fff9a58     0x4  Data  Gb  car.o [1]
set_sys_dividers        0x1fff103d    0x50  Code  Gb  MK60_mcg.o [1]
set_vector_handler      0x00014eef    0x22  Code  Gb  misc.o [1]
shit_hang               0x1ffff49d     0x1  Data  Gb  analyze.o [1]
shit_hang_l             0x1ffff499     0x1  Data  Gb  analyze.o [1]
shit_hang_r             0x1ffff49a     0x1  Data  Gb  analyze.o [1]
shit_l                  0x1ffff497     0x1  Data  Gb  analyze.o [1]
shit_lie_l              0x1ffff49b     0x1  Data  Gb  analyze.o [1]
shit_lie_r              0x1fff0424     0x1  Data  Gb  analyze.o [1]
shit_r                  0x1ffff498     0x1  Data  Gb  analyze.o [1]
shit_test               0x0000b8f9    0xd2  Code  Gb  zhangai.o [1]
shizi                   0x0000760d   0x86c  Code  Gb  shizi.o [1]
shizi_a_l               0x1fff1148     0x4  Data  Gb  analyze.o [1]
shizi_a_l_ram           0x1fff1150     0x4  Data  Gb  analyze.o [1]
shizi_a_r               0x1fff114c     0x4  Data  Gb  analyze.o [1]
shizi_a_r_ram           0x1fff1154     0x4  Data  Gb  analyze.o [1]
shizi_b_l               0x1fff1140     0x4  Data  Gb  analyze.o [1]
shizi_b_l_ram           0x1fff1158     0x4  Data  Gb  analyze.o [1]
shizi_b_r               0x1fff1144     0x4  Data  Gb  analyze.o [1]
shizi_b_r_ram           0x1fff115c     0x4  Data  Gb  analyze.o [1]
shizi_di                0x1ffff45f     0x1  Data  Gb  analyze.o [1]
shizi_flag_l            0x1ffff442     0x1  Data  Gb  analyze.o [1]
shizi_flag_l1           0x1ffff447     0x1  Data  Gb  analyze.o [1]
shizi_flag_r            0x1ffff443     0x1  Data  Gb  analyze.o [1]
shizi_flag_r1           0x1ffff446     0x1  Data  Gb  analyze.o [1]
shizi_l                 0x00007159   0x242  Code  Gb  shizi.o [1]
shizi_left              0x1ffff444     0x1  Data  Gb  analyze.o [1]
shizi_lost_all          0x1ffff477     0x1  Data  Gb  analyze.o [1]
shizi_r                 0x000073a5   0x1f4  Code  Gb  shizi.o [1]
shizi_right             0x1ffff445     0x1  Data  Gb  analyze.o [1]
shizi_single            0x1ffff476     0x1  Data  Gb  analyze.o [1]
site                    0x1fff9ae4     0x4  Data  Gb  LCD.o [1]
size                    0x1fff9ae8     0x4  Data  Gb  LCD.o [1]
speedC                  0x1fff9a84     0x4  Data  Gb  car.o [1]
speedC_D                0x1fff053c     0x4  Data  Gb  car.o [1]
speedC_P                0x1fff0538     0x4  Data  Gb  car.o [1]
speed_control           0x1fff9b40     0x4  Data  Gb  main.o [1]
speed_control1          0x0000c72d   0x10a  Code  Gb  car.o [1]
speed_new               0x1fff9a8c     0x4  Data  Gb  car.o [1]
speed_old               0x1fff9a90     0x4  Data  Gb  car.o [1]
speedset                0x1fff9a88     0x4  Data  Gb  car.o [1]
speedsigmaI             0x1fff9a80     0x4  Data  Gb  car.o [1]
st7735r_dir             0x1ffff4d6     0x1  Data  Gb  VCAN_LCD_ST7735R.o [1]
st7735r_h               0x1fff0d60     0x2  Data  Gb  VCAN_LCD_ST7735R.o [1]
st7735r_w               0x1fff0d62     0x2  Data  Gb  VCAN_LCD_ST7735R.o [1]
st7735s_dir             0x1ffff4d7     0x1  Data  Gb  VCAN_LCD_ST7735S.o [1]
st7735s_h               0x1fff0d64     0x2  Data  Gb  VCAN_LCD_ST7735S.o [1]
st7735s_w               0x1fff0d66     0x2  Data  Gb  VCAN_LCD_ST7735S.o [1]
start                   0x00015d39    0x2e  Code  Gb  system_MK60DZ10.o [1]
start_check             0x0000ca55    0x9a  Code  Gb  MK60_conf.o [1]
stop_run                0x1fff9a54     0x4  Data  Gb  car.o [1]
stop_running            0x1ffff4ad     0x1  Data  Gb  analyze.o [1]
stop_turn               0x1ffff4a9     0x1  Data  Gb  analyze.o [1]
strchr                  0x0000ece5          Code  Gb  strchr.o [5]
strlen                  0x0000ecfd          Code  Gb  strlen.o [5]
sum1_now                0x1fff1160     0x4  Data  Gb  analyze.o [1]
sum2_now                0x1fff1164     0x4  Data  Gb  analyze.o [1]
sum3_now                0x1fff1168     0x4  Data  Gb  analyze.o [1]
sum4_now                0x1fff116c     0x4  Data  Gb  analyze.o [1]
sum_point               0x1fff1170     0x4  Data  Gb  analyze.o [1]
sysinit                 0x00015d67    0x3c  Code  Gb  system_MK60DZ10.o [1]
systick_delay           0x0000da4d    0x36  Code  Gb  MK60_SysTick.o [1]
systick_delay_ms        0x0000da83    0x18  Code  Gb  MK60_SysTick.o [1]
test1                   0x1ffff42f     0x1  Data  Gb  analyze.o [1]
test2                   0x1ffff430     0x1  Data  Gb  analyze.o [1]
test_huan               0x1ffff488     0x1  Data  Gb  analyze.o [1]
threshold_get           0x00013a95   0x5be  Code  Gb  camera.o [1]
time_show               0x1ffff4b1     0x1  Data  Gb  car.o [1]
turn_shizi              0x1ffff450     0x1  Data  Gb  analyze.o [1]
uart_init               0x0000dab1   0x218  Code  Gb  MK60_uart.o [1]
uart_putbuff            0x0000dce3    0x24  Code  Gb  MK60_uart.o [1]
uart_putchar            0x0000dcc9    0x1a  Code  Gb  MK60_uart.o [1]
up                      0x1ffff480     0x1  Data  Gb  analyze.o [1]
val_cancel              0x0001102f    0x38  Code  Gb  VCAN_UI_VAR.o [1]
var                     0x1fff9a5c     0x8  Data  Gb  car.o [1]
var1                    0x1ffff4b3     0x1  Data  Gb  main.o [1]
var2                    0x1ffff4b4     0x1  Data  Gb  main.o [1]
var3                    0x1ffff414     0x2  Data  Gb  main.o [1]
var4                    0x1ffff416     0x2  Data  Gb  main.o [1]
var5                    0x1fff9aec     0x4  Data  Gb  main.o [1]
var6                    0x1fff9af0     0x4  Data  Gb  main.o [1]
var7                    0x1fff9af4     0x4  Data  Gb  main.o [1]
var8                    0x1fff9af8     0x4  Data  Gb  main.o [1]
var9                    0x1fff9afc     0x4  Data  Gb  main.o [1]
var_addr                0x1fff0d6c    0x28  Data  Gb  VCAN_UI_VAR.o [1]
var_display             0x00011067    0xda  Code  Gb  VCAN_UI_VAR.o [1]
var_init                0x00010c4d    0x68  Code  Gb  VCAN_UI_VAR.o [1]
var_ok                  0x00010feb    0x44  Code  Gb  VCAN_UI_VAR.o [1]
var_select              0x00010f45    0xa6  Code  Gb  VCAN_UI_VAR.o [1]
var_syn                 0x00011161  0x1366  Code  Gb  VCAN_UI_VAR.o [1]
var_value               0x00010d4f   0x1f6  Code  Gb  VCAN_UI_VAR.o [1]
vdelta                  0x1fff9aa0     0x4  Data  Gb  car.o [1]
vdelta_old              0x1fff9aa4     0x4  Data  Gb  car.o [1]
vector_str              0x1fff05a4   0x708  Data  Gb  MK60_conf.o [1]
wai_huan                0x1ffff486     0x1  Data  Gb  analyze.o [1]
wandao_shizi_panduan    0x00000aa1   0x48a  Code  Gb  analyze.o [1]
wdog_disable            0x00015e79    0x16  Code  Gb  MK60_wdog.o [1]
wdog_unlock             0x00015e8f    0x20  Code  Lc  MK60_wdog.o [1]
write_flag              0x1ffff4cc     0x1  Data  Gb  main.o [1]
write_vtor              0x00014ecd    0x22  Code  Gb  misc.o [1]
y1                      0x1fff9a70     0x4  Data  Gb  car.o [1]
youlun_maichongshu      0x1fff9ab4     0x4  Data  Gb  car.o [1]
zhangaibuxian           0x0000b601   0x2ee  Code  Gb  zhangai.o [1]
zong_find               0x00000913    0x8e  Code  Gb  analyze.o [1]
zong_search_l           0x00005697    0x34  Code  Gb  guaidian.o [1]
zong_search_r           0x000056cb    0x34  Code  Gb  guaidian.o [1]
zuolun_maichongshu      0x1fff9ab8     0x4  Data  Gb  car.o [1]


[1] = C:\Users\Administrator\Desktop\固态PD现用8v\Prj\IAR\FN15_Debug\Obj
[2] = command line
[3] = dl7M_tlf.a
[4] = m7M_tlv.a
[5] = rt7M_tl.a

  84 282 bytes of readonly  code memory
     496 bytes of readwrite code memory
   7 498 bytes of readonly  data memory
  61 282 bytes of readwrite data memory

Errors: none
Warnings: none
